Archive member included to satisfy reference by file (symbol)

../libopencm3/lib/libopencm3_stm32f3.a(gpio_common_all.o)
                              miniblink.o (gpio_toggle)
../libopencm3/lib/libopencm3_stm32f3.a(gpio_common_f0234.o)
                              miniblink.o (gpio_mode_setup)
../libopencm3/lib/libopencm3_stm32f3.a(rcc_common_all.o)
                              miniblink.o (rcc_periph_clock_enable)
../libopencm3/lib/libopencm3_stm32f3.a(vector.o)
                              (reset_handler)

Discarded input sections

 .text          0x0000000000000000        0x0 miniblink.o
 .data          0x0000000000000000        0x0 miniblink.o
 .bss           0x0000000000000000        0x0 miniblink.o
 .group         0x0000000000000000        0x8 ../libopencm3/lib/libopencm3_stm32f3.a(gpio_common_all.o)
 .group         0x0000000000000000        0x8 ../libopencm3/lib/libopencm3_stm32f3.a(gpio_common_all.o)
 .group         0x0000000000000000        0x8 ../libopencm3/lib/libopencm3_stm32f3.a(gpio_common_all.o)
 .group         0x0000000000000000        0x8 ../libopencm3/lib/libopencm3_stm32f3.a(gpio_common_all.o)
 .group         0x0000000000000000        0x8 ../libopencm3/lib/libopencm3_stm32f3.a(gpio_common_all.o)
 .group         0x0000000000000000        0x8 ../libopencm3/lib/libopencm3_stm32f3.a(gpio_common_all.o)
 .group         0x0000000000000000        0x8 ../libopencm3/lib/libopencm3_stm32f3.a(gpio_common_all.o)
 .group         0x0000000000000000        0x8 ../libopencm3/lib/libopencm3_stm32f3.a(gpio_common_all.o)
 .group         0x0000000000000000        0x8 ../libopencm3/lib/libopencm3_stm32f3.a(gpio_common_all.o)
 .group         0x0000000000000000        0x8 ../libopencm3/lib/libopencm3_stm32f3.a(gpio_common_all.o)
 .text          0x0000000000000000        0x0 ../libopencm3/lib/libopencm3_stm32f3.a(gpio_common_all.o)
 .data          0x0000000000000000        0x0 ../libopencm3/lib/libopencm3_stm32f3.a(gpio_common_all.o)
 .bss           0x0000000000000000        0x0 ../libopencm3/lib/libopencm3_stm32f3.a(gpio_common_all.o)
 .text.gpio_set
                0x0000000000000000        0x4 ../libopencm3/lib/libopencm3_stm32f3.a(gpio_common_all.o)
 .text.gpio_clear
                0x0000000000000000        0x6 ../libopencm3/lib/libopencm3_stm32f3.a(gpio_common_all.o)
 .text.gpio_get
                0x0000000000000000        0x6 ../libopencm3/lib/libopencm3_stm32f3.a(gpio_common_all.o)
 .text.gpio_port_read
                0x0000000000000000        0x6 ../libopencm3/lib/libopencm3_stm32f3.a(gpio_common_all.o)
 .text.gpio_port_write
                0x0000000000000000        0x4 ../libopencm3/lib/libopencm3_stm32f3.a(gpio_common_all.o)
 .text.gpio_port_config_lock
                0x0000000000000000       0x10 ../libopencm3/lib/libopencm3_stm32f3.a(gpio_common_all.o)
 .group         0x0000000000000000        0x8 ../libopencm3/lib/libopencm3_stm32f3.a(gpio_common_f0234.o)
 .group         0x0000000000000000        0x8 ../libopencm3/lib/libopencm3_stm32f3.a(gpio_common_f0234.o)
 .group         0x0000000000000000        0x8 ../libopencm3/lib/libopencm3_stm32f3.a(gpio_common_f0234.o)
 .group         0x0000000000000000        0x8 ../libopencm3/lib/libopencm3_stm32f3.a(gpio_common_f0234.o)
 .group         0x0000000000000000        0x8 ../libopencm3/lib/libopencm3_stm32f3.a(gpio_common_f0234.o)
 .group         0x0000000000000000        0x8 ../libopencm3/lib/libopencm3_stm32f3.a(gpio_common_f0234.o)
 .group         0x0000000000000000        0x8 ../libopencm3/lib/libopencm3_stm32f3.a(gpio_common_f0234.o)
 .group         0x0000000000000000        0x8 ../libopencm3/lib/libopencm3_stm32f3.a(gpio_common_f0234.o)
 .group         0x0000000000000000        0x8 ../libopencm3/lib/libopencm3_stm32f3.a(gpio_common_f0234.o)
 .group         0x0000000000000000        0x8 ../libopencm3/lib/libopencm3_stm32f3.a(gpio_common_f0234.o)
 .text          0x0000000000000000        0x0 ../libopencm3/lib/libopencm3_stm32f3.a(gpio_common_f0234.o)
 .data          0x0000000000000000        0x0 ../libopencm3/lib/libopencm3_stm32f3.a(gpio_common_f0234.o)
 .bss           0x0000000000000000        0x0 ../libopencm3/lib/libopencm3_stm32f3.a(gpio_common_f0234.o)
 .text.gpio_set_output_options
                0x0000000000000000       0x34 ../libopencm3/lib/libopencm3_stm32f3.a(gpio_common_f0234.o)
 .text.gpio_set_af
                0x0000000000000000       0x50 ../libopencm3/lib/libopencm3_stm32f3.a(gpio_common_f0234.o)
 .debug_macro   0x0000000000000000      0x856 ../libopencm3/lib/libopencm3_stm32f3.a(gpio_common_f0234.o)
 .debug_macro   0x0000000000000000       0x16 ../libopencm3/lib/libopencm3_stm32f3.a(gpio_common_f0234.o)
 .debug_macro   0x0000000000000000       0x44 ../libopencm3/lib/libopencm3_stm32f3.a(gpio_common_f0234.o)
 .debug_macro   0x0000000000000000      0x209 ../libopencm3/lib/libopencm3_stm32f3.a(gpio_common_f0234.o)
 .debug_macro   0x0000000000000000       0x22 ../libopencm3/lib/libopencm3_stm32f3.a(gpio_common_f0234.o)
 .debug_macro   0x0000000000000000       0xfa ../libopencm3/lib/libopencm3_stm32f3.a(gpio_common_f0234.o)
 .debug_macro   0x0000000000000000       0x52 ../libopencm3/lib/libopencm3_stm32f3.a(gpio_common_f0234.o)
 .debug_macro   0x0000000000000000      0x18a ../libopencm3/lib/libopencm3_stm32f3.a(gpio_common_f0234.o)
 .debug_macro   0x0000000000000000       0x76 ../libopencm3/lib/libopencm3_stm32f3.a(gpio_common_f0234.o)
 .debug_macro   0x0000000000000000      0x2e6 ../libopencm3/lib/libopencm3_stm32f3.a(gpio_common_f0234.o)
 .group         0x0000000000000000        0x8 ../libopencm3/lib/libopencm3_stm32f3.a(rcc_common_all.o)
 .group         0x0000000000000000        0x8 ../libopencm3/lib/libopencm3_stm32f3.a(rcc_common_all.o)
 .group         0x0000000000000000        0x8 ../libopencm3/lib/libopencm3_stm32f3.a(rcc_common_all.o)
 .group         0x0000000000000000        0x8 ../libopencm3/lib/libopencm3_stm32f3.a(rcc_common_all.o)
 .group         0x0000000000000000        0x8 ../libopencm3/lib/libopencm3_stm32f3.a(rcc_common_all.o)
 .group         0x0000000000000000        0x8 ../libopencm3/lib/libopencm3_stm32f3.a(rcc_common_all.o)
 .group         0x0000000000000000        0x8 ../libopencm3/lib/libopencm3_stm32f3.a(rcc_common_all.o)
 .group         0x0000000000000000        0x8 ../libopencm3/lib/libopencm3_stm32f3.a(rcc_common_all.o)
 .group         0x0000000000000000        0x8 ../libopencm3/lib/libopencm3_stm32f3.a(rcc_common_all.o)
 .text          0x0000000000000000        0x0 ../libopencm3/lib/libopencm3_stm32f3.a(rcc_common_all.o)
 .data          0x0000000000000000        0x0 ../libopencm3/lib/libopencm3_stm32f3.a(rcc_common_all.o)
 .bss           0x0000000000000000        0x0 ../libopencm3/lib/libopencm3_stm32f3.a(rcc_common_all.o)
 .text.rcc_peripheral_enable_clock
                0x0000000000000000        0x8 ../libopencm3/lib/libopencm3_stm32f3.a(rcc_common_all.o)
 .text.rcc_peripheral_disable_clock
                0x0000000000000000        0xa ../libopencm3/lib/libopencm3_stm32f3.a(rcc_common_all.o)
 .text.rcc_peripheral_reset
                0x0000000000000000        0x8 ../libopencm3/lib/libopencm3_stm32f3.a(rcc_common_all.o)
 .text.rcc_peripheral_clear_reset
                0x0000000000000000        0xa ../libopencm3/lib/libopencm3_stm32f3.a(rcc_common_all.o)
 .text.rcc_periph_clock_disable
                0x0000000000000000       0x1e ../libopencm3/lib/libopencm3_stm32f3.a(rcc_common_all.o)
 .text.rcc_periph_reset_pulse
                0x0000000000000000       0x24 ../libopencm3/lib/libopencm3_stm32f3.a(rcc_common_all.o)
 .text.rcc_periph_reset_hold
                0x0000000000000000       0x1c ../libopencm3/lib/libopencm3_stm32f3.a(rcc_common_all.o)
 .text.rcc_periph_reset_release
                0x0000000000000000       0x1e ../libopencm3/lib/libopencm3_stm32f3.a(rcc_common_all.o)
 .text.rcc_set_mco
                0x0000000000000000       0x14 ../libopencm3/lib/libopencm3_stm32f3.a(rcc_common_all.o)
 .debug_macro   0x0000000000000000      0x856 ../libopencm3/lib/libopencm3_stm32f3.a(rcc_common_all.o)
 .debug_macro   0x0000000000000000       0x16 ../libopencm3/lib/libopencm3_stm32f3.a(rcc_common_all.o)
 .debug_macro   0x0000000000000000       0x44 ../libopencm3/lib/libopencm3_stm32f3.a(rcc_common_all.o)
 .debug_macro   0x0000000000000000      0x209 ../libopencm3/lib/libopencm3_stm32f3.a(rcc_common_all.o)
 .debug_macro   0x0000000000000000       0x22 ../libopencm3/lib/libopencm3_stm32f3.a(rcc_common_all.o)
 .debug_macro   0x0000000000000000       0xfa ../libopencm3/lib/libopencm3_stm32f3.a(rcc_common_all.o)
 .debug_macro   0x0000000000000000       0x52 ../libopencm3/lib/libopencm3_stm32f3.a(rcc_common_all.o)
 .debug_macro   0x0000000000000000      0x18a ../libopencm3/lib/libopencm3_stm32f3.a(rcc_common_all.o)
 .group         0x0000000000000000        0x8 ../libopencm3/lib/libopencm3_stm32f3.a(vector.o)
 .group         0x0000000000000000        0x8 ../libopencm3/lib/libopencm3_stm32f3.a(vector.o)
 .group         0x0000000000000000        0x8 ../libopencm3/lib/libopencm3_stm32f3.a(vector.o)
 .group         0x0000000000000000        0x8 ../libopencm3/lib/libopencm3_stm32f3.a(vector.o)
 .group         0x0000000000000000        0x8 ../libopencm3/lib/libopencm3_stm32f3.a(vector.o)
 .group         0x0000000000000000        0x8 ../libopencm3/lib/libopencm3_stm32f3.a(vector.o)
 .group         0x0000000000000000        0x8 ../libopencm3/lib/libopencm3_stm32f3.a(vector.o)
 .group         0x0000000000000000        0x8 ../libopencm3/lib/libopencm3_stm32f3.a(vector.o)
 .group         0x0000000000000000        0x8 ../libopencm3/lib/libopencm3_stm32f3.a(vector.o)
 .group         0x0000000000000000        0x8 ../libopencm3/lib/libopencm3_stm32f3.a(vector.o)
 .text          0x0000000000000000        0x0 ../libopencm3/lib/libopencm3_stm32f3.a(vector.o)
 .data          0x0000000000000000        0x0 ../libopencm3/lib/libopencm3_stm32f3.a(vector.o)
 .bss           0x0000000000000000        0x0 ../libopencm3/lib/libopencm3_stm32f3.a(vector.o)
 .debug_macro   0x0000000000000000      0x856 ../libopencm3/lib/libopencm3_stm32f3.a(vector.o)
 .debug_macro   0x0000000000000000       0x16 ../libopencm3/lib/libopencm3_stm32f3.a(vector.o)
 .debug_macro   0x0000000000000000       0x44 ../libopencm3/lib/libopencm3_stm32f3.a(vector.o)
 .debug_macro   0x0000000000000000      0x209 ../libopencm3/lib/libopencm3_stm32f3.a(vector.o)
 .debug_macro   0x0000000000000000       0x22 ../libopencm3/lib/libopencm3_stm32f3.a(vector.o)
 .debug_macro   0x0000000000000000       0xfa ../libopencm3/lib/libopencm3_stm32f3.a(vector.o)
 .debug_macro   0x0000000000000000       0x52 ../libopencm3/lib/libopencm3_stm32f3.a(vector.o)

Memory Configuration

Name             Origin             Length             Attributes
rom              0x0000000008000000 0x0000000000040000 xr
ram              0x0000000020000000 0x000000000000a000 xrw
*default*        0x0000000000000000 0xffffffffffffffff

Linker script and memory map

LOAD miniblink.o
LOAD ../libopencm3/lib/libopencm3_stm32f3.a
START GROUP
LOAD /usr/lib/gcc/arm-none-eabi/4.8/../../../arm-none-eabi/lib/armv7e-m/fpu/libc.a
LOAD /usr/lib/gcc/arm-none-eabi/4.8/armv7e-m/fpu/libgcc.a
LOAD /usr/lib/gcc/arm-none-eabi/4.8/../../../arm-none-eabi/lib/armv7e-m/fpu/libnosys.a
END GROUP
START GROUP
LOAD /usr/lib/gcc/arm-none-eabi/4.8/armv7e-m/fpu/libgcc.a
LOAD /usr/lib/gcc/arm-none-eabi/4.8/../../../arm-none-eabi/lib/armv7e-m/fpu/libc.a
END GROUP

.text           0x0000000008000000      0x2bc
 *(.vectors)
 .vectors       0x0000000008000000      0x184 ../libopencm3/lib/libopencm3_stm32f3.a(vector.o)
                0x0000000008000000                vector_table
 *(.text*)
 .text.startup.main
                0x0000000008000184       0x34 miniblink.o
                0x0000000008000184                main
 .text.gpio_toggle
                0x00000000080001b8       0x10 ../libopencm3/lib/libopencm3_stm32f3.a(gpio_common_all.o)
                0x00000000080001b8                gpio_toggle
 .text.gpio_mode_setup
                0x00000000080001c8       0x44 ../libopencm3/lib/libopencm3_stm32f3.a(gpio_common_f0234.o)
                0x00000000080001c8                gpio_mode_setup
 .text.rcc_periph_clock_enable
                0x000000000800020c       0x1c ../libopencm3/lib/libopencm3_stm32f3.a(rcc_common_all.o)
                0x000000000800020c                rcc_periph_clock_enable
 .text.blocking_handler
                0x0000000008000228        0x2 ../libopencm3/lib/libopencm3_stm32f3.a(vector.o)
                0x0000000008000228                usb_lp_isr
                0x0000000008000228                i2c2_ev_exti24_isr
                0x0000000008000228                usb_hp_isr
                0x0000000008000228                tim7_isr
                0x0000000008000228                reserved_12_isr
                0x0000000008000228                adc1_2_isr
                0x0000000008000228                reserved_11_isr
                0x0000000008000228                reserved_7_isr
                0x0000000008000228                reserved_13_isr
                0x0000000008000228                blocking_handler
                0x0000000008000228                rtc_wkup_isr
                0x0000000008000228                tim1_up_tim16_isr
                0x0000000008000228                spi1_isr
                0x0000000008000228                dma1_channel6_isr
                0x0000000008000228                reserved_5_isr
                0x0000000008000228                dma1_channel5_isr
                0x0000000008000228                dma2_channel5_isr
                0x0000000008000228                tamp_stamp_isr
                0x0000000008000228                can1_rx1_isr
                0x0000000008000228                usage_fault_handler
                0x0000000008000228                tim8_trg_com_isr
                0x0000000008000228                i2c1_ev_exti23_isr
                0x0000000008000228                tim1_trg_com_tim17_isr
                0x0000000008000228                reserved_15_isr
                0x0000000008000228                usb_wkup_isr
                0x0000000008000228                can1_sce_isr
                0x0000000008000228                reserved_3_isr
                0x0000000008000228                tim1_cc_isr
                0x0000000008000228                eth_isr
                0x0000000008000228                reserved_14_isr
                0x0000000008000228                dma1_channel4_isr
                0x0000000008000228                tim8_brk_isr
                0x0000000008000228                dma2_channel4_isr
                0x0000000008000228                pvd_isr
                0x0000000008000228                comp123_isr
                0x0000000008000228                comp456_isr
                0x0000000008000228                rcc_isr
                0x0000000008000228                reserved_8_isr
                0x0000000008000228                flash_isr
                0x0000000008000228                rtc_alarm_isr
                0x0000000008000228                reserved_2_isr
                0x0000000008000228                exti15_10_isr
                0x0000000008000228                hard_fault_handler
                0x0000000008000228                exti1_isr
                0x0000000008000228                dma2_channel1_isr
                0x0000000008000228                spi2_isr
                0x0000000008000228                reserved_9_isr
                0x0000000008000228                nvic_wwdg_isr
                0x0000000008000228                tim8_up_isr
                0x0000000008000228                usart1_exti25_isr
                0x0000000008000228                dma2_channel2_isr
                0x0000000008000228                adc3_isr
                0x0000000008000228                exti3_isr
                0x0000000008000228                tim3_isr
                0x0000000008000228                i2c2_er_isr
                0x0000000008000228                reserved_1_isr
                0x0000000008000228                dma1_channel1_isr
                0x0000000008000228                exti4_isr
                0x0000000008000228                tim6_dac_isr
                0x0000000008000228                mem_manage_handler
                0x0000000008000228                exti9_5_isr
                0x0000000008000228                dma2_channel3_isr
                0x0000000008000228                usb_hp_can1_tx_isr
                0x0000000008000228                dma1_channel7_isr
                0x0000000008000228                usart3_exti28_isr
                0x0000000008000228                reserved_6_isr
                0x0000000008000228                tim4_isr
                0x0000000008000228                usb_lp_can1_rx0_isr
                0x0000000008000228                dma1_channel2_isr
                0x0000000008000228                i2c1_er_isr
                0x0000000008000228                tim8_cc_isr
                0x0000000008000228                comp7_isr
                0x0000000008000228                uart5_exti35_isr
                0x0000000008000228                reserved_4_isr
                0x0000000008000228                bus_fault_handler
                0x0000000008000228                tim1_brk_tim15_isr
                0x0000000008000228                dma1_channel3_isr
                0x0000000008000228                uart4_exti34_isr
                0x0000000008000228                usart2_exti26_isr
                0x0000000008000228                spi3_isr
                0x0000000008000228                reserved_10_isr
                0x0000000008000228                tim2_isr
                0x0000000008000228                reserved_16_isr
                0x0000000008000228                exti2_tsc_isr
                0x0000000008000228                usb_wkup_a_isr
                0x0000000008000228                exti0_isr
 .text.null_handler
                0x000000000800022a        0x2 ../libopencm3/lib/libopencm3_stm32f3.a(vector.o)
                0x000000000800022a                null_handler
                0x000000000800022a                sv_call_handler
                0x000000000800022a                pend_sv_handler
                0x000000000800022a                debug_monitor_handler
                0x000000000800022a                sys_tick_handler
                0x000000000800022a                nmi_handler
 .text.reset_handler
                0x000000000800022c       0x90 ../libopencm3/lib/libopencm3_stm32f3.a(vector.o)
                0x000000000800022c                reset_handler
                0x00000000080002bc                . = ALIGN (0x4)
 *(.rodata*)
                0x00000000080002bc                . = ALIGN (0x4)

.glue_7         0x00000000080002bc        0x0
 .glue_7        0x00000000080002bc        0x0 linker stubs

.glue_7t        0x00000000080002bc        0x0
 .glue_7t       0x00000000080002bc        0x0 linker stubs

.vfp11_veneer   0x00000000080002bc        0x0
 .vfp11_veneer  0x00000000080002bc        0x0 linker stubs

.v4_bx          0x00000000080002bc        0x0
 .v4_bx         0x00000000080002bc        0x0 linker stubs

.iplt           0x00000000080002bc        0x0
 .iplt          0x00000000080002bc        0x0 miniblink.o

.rel.dyn        0x00000000080002bc        0x0
 .rel.iplt      0x00000000080002bc        0x0 miniblink.o

.preinit_array  0x00000000080002bc        0x0
                0x00000000080002bc                . = ALIGN (0x4)
                0x00000000080002bc                __preinit_array_start = .
 *(.preinit_array)
                0x00000000080002bc                __preinit_array_end = .

.init_array     0x00000000080002bc        0x0
                0x00000000080002bc                . = ALIGN (0x4)
                0x00000000080002bc                __init_array_start = .
 *(SORT(.init_array.*))
 *(.init_array)
                0x00000000080002bc                __init_array_end = .

.fini_array     0x00000000080002bc        0x0
                0x00000000080002bc                . = ALIGN (0x4)
                0x00000000080002bc                __fini_array_start = .
 *(.fini_array)
 *(SORT(.fini_array.*))
                0x00000000080002bc                __fini_array_end = .

.ARM.extab
 *(.ARM.extab*)

.ARM.exidx      0x00000000080002bc        0x0
                0x00000000080002bc                __exidx_start = .
 *(.ARM.exidx*)
                0x00000000080002bc                __exidx_end = .
                0x00000000080002bc                . = ALIGN (0x4)
                0x00000000080002bc                _etext = .

.data           0x0000000020000000        0x0 load address 0x00000000080002bc
                0x0000000020000000                _data = .
 *(.data*)
                0x0000000020000000                . = ALIGN (0x4)
                0x0000000020000000                _edata = .
                0x00000000080002bc                _data_loadaddr = LOADADDR (.data)

.igot.plt       0x0000000020000000        0x0 load address 0x00000000080002bc
 .igot.plt      0x0000000020000000        0x0 miniblink.o

.bss            0x0000000020000000        0x0 load address 0x00000000080002bc
 *(.bss*)
 *(COMMON)
                0x0000000020000000                . = ALIGN (0x4)
                0x0000000020000000                _ebss = .

/DISCARD/
 *(.eh_frame)
                0x0000000020000000                . = ALIGN (0x4)
                0x0000000020000000                end = .
                0x000000002000a000                PROVIDE (_stack, (ORIGIN (ram) + 0xa000))
OUTPUT(miniblink.elf elf32-littlearm)

.debug_info     0x0000000000000000      0xef4
 .debug_info    0x0000000000000000      0x310 miniblink.o
 .debug_info    0x0000000000000310      0x22c ../libopencm3/lib/libopencm3_stm32f3.a(gpio_common_all.o)
 .debug_info    0x000000000000053c      0x1eb ../libopencm3/lib/libopencm3_stm32f3.a(gpio_common_f0234.o)
 .debug_info    0x0000000000000727      0x51e ../libopencm3/lib/libopencm3_stm32f3.a(rcc_common_all.o)
 .debug_info    0x0000000000000c45      0x2af ../libopencm3/lib/libopencm3_stm32f3.a(vector.o)

.debug_abbrev   0x0000000000000000      0x4c9
 .debug_abbrev  0x0000000000000000       0xfc miniblink.o
 .debug_abbrev  0x00000000000000fc      0x10e ../libopencm3/lib/libopencm3_stm32f3.a(gpio_common_all.o)
 .debug_abbrev  0x000000000000020a       0xb7 ../libopencm3/lib/libopencm3_stm32f3.a(gpio_common_f0234.o)
 .debug_abbrev  0x00000000000002c1       0xc1 ../libopencm3/lib/libopencm3_stm32f3.a(rcc_common_all.o)
 .debug_abbrev  0x0000000000000382      0x147 ../libopencm3/lib/libopencm3_stm32f3.a(vector.o)

.debug_loc      0x0000000000000000      0x3ca
 .debug_loc     0x0000000000000000       0x4d miniblink.o
 .debug_loc     0x000000000000004d       0x76 ../libopencm3/lib/libopencm3_stm32f3.a(gpio_common_all.o)
 .debug_loc     0x00000000000000c3      0x111 ../libopencm3/lib/libopencm3_stm32f3.a(gpio_common_f0234.o)
 .debug_loc     0x00000000000001d4      0x14a ../libopencm3/lib/libopencm3_stm32f3.a(rcc_common_all.o)
 .debug_loc     0x000000000000031e       0xac ../libopencm3/lib/libopencm3_stm32f3.a(vector.o)

.debug_aranges  0x0000000000000000      0x138
 .debug_aranges
                0x0000000000000000       0x20 miniblink.o
 .debug_aranges
                0x0000000000000020       0x50 ../libopencm3/lib/libopencm3_stm32f3.a(gpio_common_all.o)
 .debug_aranges
                0x0000000000000070       0x30 ../libopencm3/lib/libopencm3_stm32f3.a(gpio_common_f0234.o)
 .debug_aranges
                0x00000000000000a0       0x68 ../libopencm3/lib/libopencm3_stm32f3.a(rcc_common_all.o)
 .debug_aranges
                0x0000000000000108       0x30 ../libopencm3/lib/libopencm3_stm32f3.a(vector.o)

.debug_ranges   0x0000000000000000      0x100
 .debug_ranges  0x0000000000000000       0x10 miniblink.o
 .debug_ranges  0x0000000000000010       0x40 ../libopencm3/lib/libopencm3_stm32f3.a(gpio_common_all.o)
 .debug_ranges  0x0000000000000050       0x20 ../libopencm3/lib/libopencm3_stm32f3.a(gpio_common_f0234.o)
 .debug_ranges  0x0000000000000070       0x58 ../libopencm3/lib/libopencm3_stm32f3.a(rcc_common_all.o)
 .debug_ranges  0x00000000000000c8       0x38 ../libopencm3/lib/libopencm3_stm32f3.a(vector.o)

.debug_line     0x0000000000000000      0xb2e
 .debug_line    0x0000000000000000      0x13c miniblink.o
 .debug_line    0x000000000000013c      0x27a ../libopencm3/lib/libopencm3_stm32f3.a(gpio_common_all.o)
 .debug_line    0x00000000000003b6      0x258 ../libopencm3/lib/libopencm3_stm32f3.a(gpio_common_f0234.o)
 .debug_line    0x000000000000060e      0x289 ../libopencm3/lib/libopencm3_stm32f3.a(rcc_common_all.o)
 .debug_line    0x0000000000000897      0x297 ../libopencm3/lib/libopencm3_stm32f3.a(vector.o)

.debug_str      0x0000000000000000     0x99f5
 .debug_str     0x0000000000000000      0x345 miniblink.o
                                        0x3e8 (size before relaxing)
 .debug_str     0x0000000000000345     0x4aaf ../libopencm3/lib/libopencm3_stm32f3.a(gpio_common_all.o)
                                       0x4c32 (size before relaxing)
 .debug_str     0x0000000000004df4       0x8a ../libopencm3/lib/libopencm3_stm32f3.a(gpio_common_f0234.o)
                                       0x4c39 (size before relaxing)
 .debug_str     0x0000000000004e7e     0x220c ../libopencm3/lib/libopencm3_stm32f3.a(rcc_common_all.o)
                                       0x6279 (size before relaxing)
 .debug_str     0x000000000000708a     0x296b ../libopencm3/lib/libopencm3_stm32f3.a(vector.o)
                                       0x5d7b (size before relaxing)

.comment        0x0000000000000000       0x2d
 .comment       0x0000000000000000       0x2d miniblink.o
                                         0x2e (size before relaxing)
 .comment       0x000000000000002d       0x2e ../libopencm3/lib/libopencm3_stm32f3.a(gpio_common_all.o)
 .comment       0x000000000000002d       0x2e ../libopencm3/lib/libopencm3_stm32f3.a(gpio_common_f0234.o)
 .comment       0x000000000000002d       0x2e ../libopencm3/lib/libopencm3_stm32f3.a(rcc_common_all.o)
 .comment       0x000000000000002d       0x2e ../libopencm3/lib/libopencm3_stm32f3.a(vector.o)

.ARM.attributes
                0x0000000000000000       0x39
 .ARM.attributes
                0x0000000000000000       0x39 miniblink.o
 .ARM.attributes
                0x0000000000000039       0x39 ../libopencm3/lib/libopencm3_stm32f3.a(gpio_common_all.o)
 .ARM.attributes
                0x0000000000000072       0x39 ../libopencm3/lib/libopencm3_stm32f3.a(gpio_common_f0234.o)
 .ARM.attributes
                0x00000000000000ab       0x39 ../libopencm3/lib/libopencm3_stm32f3.a(rcc_common_all.o)
 .ARM.attributes
                0x00000000000000e4       0x39 ../libopencm3/lib/libopencm3_stm32f3.a(vector.o)

.debug_frame    0x0000000000000000      0x204
 .debug_frame   0x0000000000000000       0x28 miniblink.o
 .debug_frame   0x0000000000000028       0x80 ../libopencm3/lib/libopencm3_stm32f3.a(gpio_common_all.o)
 .debug_frame   0x00000000000000a8       0x6c ../libopencm3/lib/libopencm3_stm32f3.a(gpio_common_f0234.o)
 .debug_frame   0x0000000000000114       0xb0 ../libopencm3/lib/libopencm3_stm32f3.a(rcc_common_all.o)
 .debug_frame   0x00000000000001c4       0x40 ../libopencm3/lib/libopencm3_stm32f3.a(vector.o)

.debug_macro    0x0000000000000000     0x20cc
 .debug_macro   0x0000000000000000       0xa8 ../libopencm3/lib/libopencm3_stm32f3.a(gpio_common_all.o)
 .debug_macro   0x00000000000000a8      0x856 ../libopencm3/lib/libopencm3_stm32f3.a(gpio_common_all.o)
 .debug_macro   0x00000000000008fe       0x16 ../libopencm3/lib/libopencm3_stm32f3.a(gpio_common_all.o)
 .debug_macro   0x0000000000000914       0x44 ../libopencm3/lib/libopencm3_stm32f3.a(gpio_common_all.o)
 .debug_macro   0x0000000000000958      0x209 ../libopencm3/lib/libopencm3_stm32f3.a(gpio_common_all.o)
 .debug_macro   0x0000000000000b61       0x22 ../libopencm3/lib/libopencm3_stm32f3.a(gpio_common_all.o)
 .debug_macro   0x0000000000000b83       0xfa ../libopencm3/lib/libopencm3_stm32f3.a(gpio_common_all.o)
 .debug_macro   0x0000000000000c7d       0x52 ../libopencm3/lib/libopencm3_stm32f3.a(gpio_common_all.o)
 .debug_macro   0x0000000000000ccf      0x18a ../libopencm3/lib/libopencm3_stm32f3.a(gpio_common_all.o)
 .debug_macro   0x0000000000000e59       0x76 ../libopencm3/lib/libopencm3_stm32f3.a(gpio_common_all.o)
 .debug_macro   0x0000000000000ecf      0x2e6 ../libopencm3/lib/libopencm3_stm32f3.a(gpio_common_all.o)
 .debug_macro   0x00000000000011b5       0xa2 ../libopencm3/lib/libopencm3_stm32f3.a(gpio_common_f0234.o)
 .debug_macro   0x0000000000001257       0xae ../libopencm3/lib/libopencm3_stm32f3.a(rcc_common_all.o)
 .debug_macro   0x0000000000001305      0x712 ../libopencm3/lib/libopencm3_stm32f3.a(rcc_common_all.o)
 .debug_macro   0x0000000000001a17       0xb3 ../libopencm3/lib/libopencm3_stm32f3.a(vector.o)
 .debug_macro   0x0000000000001aca       0x6b ../libopencm3/lib/libopencm3_stm32f3.a(vector.o)
 .debug_macro   0x0000000000001b35      0x1f0 ../libopencm3/lib/libopencm3_stm32f3.a(vector.o)
 .debug_macro   0x0000000000001d25      0x3a7 ../libopencm3/lib/libopencm3_stm32f3.a(vector.o)
